This is XeTeX, Version 3.141592653-2.6-0.999995 (MiKTeX 24.1) (preloaded format=xelatex 2025.12.1)  1 DEC 2025 21:00
entering extended mode
 restricted \write18 enabled.
 %&-line parsing enabled.
**./WLL_Cocoa_Experiment-final.tex
(WLL_Cocoa_Experiment-final.tex
LaTeX2e <2023-11-01> patch level 1
L3 programming layer <2024-01-04>

(C:\Users\shane\AppData\Local\Programs\MiKTeX\tex/latex/koma-script\scrartcl.cl
s
Document Class: scrartcl 2024/10/24 v3.43 KOMA-Script document class (article)

(C:\Users\shane\AppData\Local\Programs\MiKTeX\tex/latex/koma-script\scrkbase.st
y
Package: scrkbase 2024/10/24 v3.43 KOMA-Script package (KOMA-Script-dependent b
asics and keyval usage)

(C:\Users\shane\AppData\Local\Programs\MiKTeX\tex/latex/koma-script\scrbase.sty
Package: scrbase 2024/10/24 v3.43 KOMA-Script package (KOMA-Script-independent 
basics and keyval usage)

(C:\Users\shane\AppData\Local\Programs\MiKTeX\tex/latex/koma-script\scrlfile.st
y
Package: scrlfile 2024/10/24 v3.43 KOMA-Script package (file load hooks)

(C:\Users\shane\AppData\Local\Programs\MiKTeX\tex/latex/koma-script\scrlfile-ho
ok.sty
Package: scrlfile-hook 2024/10/24 v3.43 KOMA-Script package (using LaTeX hooks)


(C:\Users\shane\AppData\Local\Programs\MiKTeX\tex/latex/koma-script\scrlogo.sty
Package: scrlogo 2024/10/24 v3.43 KOMA-Script package (logo)
))) (C:\Users\shane\AppData\Local\Programs\MiKTeX\tex/latex/graphics\keyval.sty
Package: keyval 2022/05/29 v1.15 key=value parser (DPC)
\KV@toks@=\toks17
)
Applying: [2021/05/01] Usage of raw or classic option list on input line 254.
Already applied: [0000/00/00] Usage of raw or classic option list on input line
 370.
))
(C:\Users\shane\AppData\Local\Programs\MiKTeX\tex/latex/koma-script\tocbasic.st
y
Package: tocbasic 2024/10/24 v3.43 KOMA-Script package (handling toc-files)
\scr@dte@tocline@numberwidth=\skip48
\scr@dte@tocline@numbox=\box51
)
Package tocbasic Info: omitting babel extension for `toc'
(tocbasic)             because of feature `nobabel' available
(tocbasic)             for `toc' on input line 135.
because of feature `nobabel' available
(tocbasic)             for `toc' on input line 135.
Class scrartcl Info: File `scrsize11pt.clo' used instead of
(scrartcl)           file `scrsize11.clo' to setup font sizes on input line 2466.
 (C:\Users\shane\AppData\Local\Programs\MiKTeX\tex/latex/koma-script\scrsize11pt.clo
File: scrsize11pt.clo 2024/10/24 v3.43 KOMA-Script font size class option (11pt)
) (C:\Users\shane\AppData\Local\Programs\MiKTeX\tex/latex/koma-script\typearea.sty
Package: typearea 2024/10/24 v3.43 KOMA-Script package (type area)
\ta@bcor=\skip49
\ta@div=\count187
Package typearea Info: You've used standard option `letterpaper'.
(typearea)             This is correct!
(typearea)             Internally I'm using `paper=letter'.
(typearea)             If you'd like to set the option with \KOMAoptions,
(typearea)             you'd have to use `paper=letter' there
(typearea)             instead of `letterpaper', too.
\ta@hblk=\skip50
\ta@vblk=\skip51
\ta@temp=\skip52
\footheight=\skip53
Package typearea Info: These are the values describing the layout:
(typearea)             DIV  = 11
(typearea)             BCOR = 0.0pt
(typearea)             \paperwidth      = 614.295pt
(typearea)              \textwidth      = 446.76004pt
(typearea)              DIV departure   = -14%
(typearea)              \evensidemargin = 11.49748pt
(typearea)              \oddsidemargin  = 11.49748pt
(typearea)             \paperheight     = 794.96999pt
(typearea)              \textheight     = 582.20026pt
(typearea)              \topmargin      = -37.40001pt
(typearea)              \headheight     = 17.0pt
(typearea)              \headsep        = 20.40001pt
(typearea)              \topskip        = 11.0pt
(typearea)              \footskip       = 47.6pt
(typearea)              \baselineskip   = 13.6pt
(typearea)              on input line 1802.
)
\c@part=\count188
\c@section=\count189
\c@subsection=\count190
\c@subsubsection=\count191
\c@paragraph=\count192
\c@subparagraph=\count193
\scr@dte@section@maxnumwidth=\skip54
Class scrartcl Info: using compatibility default `runin=bysign'
(scrartcl)           for `\section on input line 5107.
Class scrartcl Info: using compatibility default `afterindent=bysign'
(scrartcl)           for `\section on input line 5107.
\scr@dte@part@maxnumwidth=\skip55
Class scrartcl Info: using compatibility default `afterindent=false'
(scrartcl)           for `\part on input line 5115.
\scr@dte@subsection@maxnumwidth=\skip56
Class scrartcl Info: using compatibility default `runin=bysign'
(scrartcl)           for `\subsection on input line 5125.
Class scrartcl Info: using compatibility default `afterindent=bysign'
(scrartcl)           for `\subsection on input line 5125.
\scr@dte@subsubsection@maxnumwidth=\skip57
Class scrartcl Info: using compatibility default `runin=bysign'
(scrartcl)           for `\subsubsection on input line 5135.
Class scrartcl Info: using compatibility default `afterindent=bysign'
(scrartcl)           for `\subsubsection on input line 5135.
\scr@dte@paragraph@maxnumwidth=\skip58
Class scrartcl Info: using compatibility default `runin=bysign'
(scrartcl)           for `\paragraph on input line 5146.
Class scrartcl Info: using compatibility default `afterindent=bysign'
(scrartcl)           for `\paragraph on input line 5146.
\scr@dte@subparagraph@maxnumwidth=\skip59
Class scrartcl Info: using compatibility default `runin=bysign'
(scrartcl)           for `\subparagraph on input line 5156.
Class scrartcl Info: using compatibility default `afterindent=bysign'
(scrartcl)           for `\subparagraph on input line 5156.
\abovecaptionskip=\skip60
\belowcaptionskip=\skip61
\c@pti@nb@sid@b@x=\box52
Package tocbasic Info: omitting babel extension for `lof'
(tocbasic)             because of feature `nobabel' available
(tocbasic)             for `lof' on input line 6337.
\scr@dte@figure@maxnumwidth=\skip62
\c@figure=\count194
Package tocbasic Info: omitting babel extension for `lot'
(tocbasic)             because of feature `nobabel' available
(tocbasic)             for `lot' on input line 6353.
\scr@dte@table@maxnumwidth=\skip63
\c@table=\count195
Class scrartcl Info: Redefining `\numberline' on input line 6523.
\bibindent=\dimen140
) (C:\Users\shane\AppData\Local\Programs\MiKTeX\tex/latex/xcolor\xcolor.sty
Package: xcolor 2023/11/15 v3.01 LaTeX color extensions (UK)
 (C:\Users\shane\AppData\Local\Programs\MiKTeX\tex/latex/graphics-cfg\color.cfg
File: color.cfg 2016/01/02 v1.6 sample color configuration
)
Package xcolor Info: Driver file: pdftex.def on input line 274.
 (C:\Users\shane\AppData\Local\Programs\MiKTeX\tex/latex/graphics-def\pdftex.def
File: pdftex.def 2022/09/22 v1.2b Graphics/color driver for pdftex
) (C:\Users\shane\AppData\Local\Programs\MiKTeX\tex/latex/graphics\mathcolor.ltx)
Package xcolor Info: Model `cmy' substituted by `cmy0' on input line 1350.
Package xcolor Info: Model `hsb' substituted by `rgb' on input line 1354.
Package xcolor Info: Model `RGB' extended on input line 1366.
Package xcolor Info: Model `HTML' substituted by `rgb' on input line 1368.
Package xcolor Info: Model `Hsb' substituted by `hsb' on input line 1369.
Package xcolor Info: Model `tHsb' substituted by `hsb' on input line 1370.
Package xcolor Info: Model `HSB' substituted by `hsb' on input line 1371.
Package xcolor Info: Model `Gray' substituted by `gray' on input line 1372.
Package xcolor Info: Model `wave' substituted by `hsb' on input line 1373.
) (C:\Users\shane\AppData\Local\Programs\MiKTeX\tex/latex/graphics\dvipsnam.def
File: dvipsnam.def 2016/06/17 v3.0m Driver-dependent file (DPC,SPQR)
) (C:\Users\shane\AppData\Local\Programs\MiKTeX\tex/latex/xcolor\svgnam.def
File: svgnam.def 2023/11/15 v3.01 Predefined colors according to SVG 1.1 (UK)
) (C:\Users\shane\AppData\Local\Programs\MiKTeX\tex/latex/xcolor\x11nam.def
File: x11nam.def 2023/11/15 v3.01 Predefined colors according to Unix/X11 (UK)
) (C:\Users\shane\AppData\Local\Programs\MiKTeX\tex/latex/amsmath\amsmath.sty
Package: amsmath 2023/05/13 v2.17o AMS math features
\@mathmargin=\skip64

For additional information on amsmath, use the `?' option.
(C:\Users\shane\AppData\Local\Programs\MiKTeX\tex/latex/amsmath\amstext.sty
Package: amstext 2021/08/26 v2.01 AMS text
 (C:\Users\shane\AppData\Local\Programs\MiKTeX\tex/latex/amsmath\amsgen.sty
File: amsgen.sty 1999/11/30 v2.0 generic functions
\@emptytoks=\toks18
\ex@=\dimen141
)) (C:\Users\shane\AppData\Local\Programs\MiKTeX\tex/latex/amsmath\amsbsy.sty
Package: amsbsy 1999/11/29 v1.2d Bold Symbols
\pmbraise@=\dimen142
) (C:\Users\shane\AppData\Local\Programs\MiKTeX\tex/latex/amsmath\amsopn.sty
Package: amsopn 2022/04/08 v2.04 operator names
)
\inf@bad=\count196
LaTeX Info: Redefining \frac on input line 234.
\uproot@=\count197
\leftroot@=\count198
LaTeX Info: Redefining \overline on input line 399.
LaTeX Info: Redefining \colon on input line 410.
\classnum@=\count199
\DOTSCASE@=\count266
LaTeX Info: Redefining \ldots on input line 496.
LaTeX Info: Redefining \dots on input line 499.
LaTeX Info: Redefining \cdots on input line 620.
\Mathstrutbox@=\box53
\strutbox@=\box54
LaTeX Info: Redefining \big on input line 722.
LaTeX Info: Redefining \Big on input line 723.
LaTeX Info: Redefining \bigg on input line 724.
LaTeX Info: Redefining \Bigg on input line 725.
\big@size=\dimen143
LaTeX Font Info:    Redeclaring font encoding OML on input line 743.
LaTeX Font Info:    Redeclaring font encoding OMS on input line 744.
\macc@depth=\count267
LaTeX Info: Redefining \bmod on input line 905.
LaTeX Info: Redefining \pmod on input line 910.
LaTeX Info: Redefining \smash on input line 940.
LaTeX Info: Redefining \relbar on input line 970.
LaTeX Info: Redefining \Relbar on input line 971.
\c@MaxMatrixCols=\count268
\dotsspace@=\muskip16
\c@parentequation=\count269
\dspbrk@lvl=\count270
\tag@help=\toks19
\row@=\count271
\column@=\count272
\maxfields@=\count273
\andhelp@=\toks20
\eqnshift@=\dimen144
\alignsep@=\dimen145
\tagshift@=\dimen146
\tagwidth@=\dimen147
\totwidth@=\dimen148
\lineht@=\dimen149
\@envbody=\toks21
\multlinegap=\skip65
\multlinetaggap=\skip66
\mathdisplay@stack=\toks22
LaTeX Info: Redefining \[ on input line 2953.
LaTeX Info: Redefining \] on input line 2954.
) (C:\Users\shane\AppData\Local\Programs\MiKTeX\tex/latex/amsfonts\amssymb.sty
Package: amssymb 2013/01/14 v3.01 AMS font symbols
 (C:\Users\shane\AppData\Local\Programs\MiKTeX\tex/latex/amsfonts\amsfonts.sty
Package: amsfonts 2013/01/14 v3.01 Basic AMSFonts support
\symAMSa=\mathgroup4
\symAMSb=\mathgroup5
LaTeX Font Info:    Redeclaring math symbol \hbar on input line 98.
LaTeX Font Info:    Overwriting math alphabet `\mathfrak' in version `bold'
(Font)                  U/euf/m/n --> U/euf/b/n on input line 106.
)) (C:\Users\shane\AppData\Local\Programs\MiKTeX\tex/generic/iftex\iftex.sty
Package: iftex 2022/02/03 v1.0f TeX engine tests
) (C:\Users\shane\AppData\Local\Programs\MiKTeX\tex/latex/base\fontenc.sty
Package: fontenc 2021/04/29 v2.0v Standard LaTeX package
) (C:\Users\shane\AppData\Local\Programs\MiKTeX\tex/latex/base\inputenc.sty
Package: inputenc 2021/02/14 v1.3d Input encoding file
\inpenc@prehook=\toks23
\inpenc@posthook=\toks24
) (C:\Users\shane\AppData\Local\Programs\MiKTeX\tex/latex/base\textcomp.sty
Package: textcomp 2020/02/02 v2.0n Standard LaTeX package
) (C:\Users\shane\AppData\Local\Programs\MiKTeX\tex/latex/lm\lmodern.sty
Package: lmodern 2015/05/01 v1.6.1 Latin Modern Fonts
LaTeX Font Info:    Overwriting symbol font `operators' in version `normal'
(Font)                  OT1/cmr/m/n --> OT1/lmr/m/n on input line 22.
LaTeX Font Info:    Overwriting symbol font `letters' in version `normal'
(Font)                  OML/cmm/m/it --> OML/lmm/m/it on input line 23.
LaTeX Font Info:    Overwriting symbol font `symbols' in version `normal'
(Font)                  OMS/cmsy/m/n --> OMS/lmsy/m/n on input line 24.
LaTeX Font Info:    Overwriting symbol font `largesymbols' in version `normal'
(Font)                  OMX/cmex/m/n --> OMX/lmex/m/n on input line 25.
LaTeX Font Info:    Overwriting symbol font `operators' in version `bold'
(Font)                  OT1/cmr/bx/n --> OT1/lmr/bx/n on input line 26.
LaTeX Font Info:    Overwriting symbol font `letters' in version `bold'
(Font)                  OML/cmm/b/it --> OML/lmm/b/it on input line 27.
LaTeX Font Info:    Overwriting symbol font `symbols' in version `bold'
(Font)                  OMS/cmsy/b/n --> OMS/lmsy/b/n on input line 28.
LaTeX Font Info:    Overwriting symbol font `largesymbols' in version `bold'
(Font)                  OMX/cmex/m/n --> OMX/lmex/m/n on input line 29.
LaTeX Font Info:    Overwriting math alphabet `\mathbf' in version `normal'
(Font)                  OT1/cmr/bx/n --> OT1/lmr/bx/n on input line 31.
LaTeX Font Info:    Overwriting math alphabet `\mathsf' in version `normal'
(Font)                  OT1/cmss/m/n --> OT1/lmss/m/n on input line 32.
LaTeX Font Info:    Overwriting math alphabet `\mathit' in version `normal'
(Font)                  OT1/cmr/m/it --> OT1/lmr/m/it on input line 33.
LaTeX Font Info:    Overwriting math alphabet `\mathtt' in version `normal'
(Font)                  OT1/cmtt/m/n --> OT1/lmtt/m/n on input line 34.
LaTeX Font Info:    Overwriting math alphabet `\mathbf' in version `bold'
(Font)                  OT1/cmr/bx/n --> OT1/lmr/bx/n on input line 35.
LaTeX Font Info:    Overwriting math alphabet `\mathsf' in version `bold'
(Font)                  OT1/cmss/bx/n --> OT1/lmss/bx/n on input line 36.
LaTeX Font Info:    Overwriting math alphabet `\mathit' in version `bold'
(Font)                  OT1/cmr/bx/it --> OT1/lmr/bx/it on input line 37.
LaTeX Font Info:    Overwriting math alphabet `\mathtt' in version `bold'
(Font)                  OT1/cmtt/m/n --> OT1/lmtt/m/n on input line 38.
) (C:\Users\shane\AppData\Local\Programs\MiKTeX\tex/latex/upquote\upquote.sty
Package: upquote 2012/04/19 v1.3 upright-quote and grave-accent glyphs in verbatim
) (C:\Users\shane\AppData\Local\Programs\MiKTeX\tex/latex/microtype\microtype.sty
Package: microtype 2025/07/09 v3.2b Micro-typographical refinements (RS)
 (C:\Users\shane\AppData\Local\Programs\MiKTeX\tex/latex/etoolbox\etoolbox.sty
Package: etoolbox 2020/10/05 v2.5k e-TeX tools for LaTeX (JAW)
\etb@tempcnta=\count274
)
\MT@toks=\toks25
\MT@tempbox=\box55
\MT@count=\count275
LaTeX Info: Redefining \noprotrusionifhmode on input line 1087.
LaTeX Info: Redefining \leftprotrusion on input line 1088.
\MT@prot@toks=\toks26
LaTeX Info: Redefining \rightprotrusion on input line 1107.
LaTeX Info: Redefining \textls on input line 1449.
\MT@outer@kern=\dimen150
LaTeX Info: Redefining \microtypecontext on input line 2053.
LaTeX Info: Redefining \textmicrotypecontext on input line 2070.
\MT@listname@count=\count276
 (C:\Users\shane\AppData\Local\Programs\MiKTeX\tex/latex/microtype\microtype-pdftex.def
File: microtype-pdftex.def 2025/07/09 v3.2b Definitions specific to pdftex (RS)
LaTeX Info: Redefining \lsstyle on input line 944.
LaTeX Info: Redefining \lslig on input line 944.
\MT@outer@space=\skip67
)
Package microtype Info: Loading configuration file microtype.cfg.
 (C:\Users\shane\AppData\Local\Programs\MiKTeX\tex/latex/microtype\microtype.cfg
File: microtype.cfg 2025/07/09 v3.2b microtype main configuration file (RS)
)
LaTeX Info: Redefining \microtypesetup on input line 3065.
) (C:\Users\shane\AppData\Local\Programs\MiKTeX\tex/latex/fancyvrb\fancyvrb.sty
Package: fancyvrb 2025/07/28 4.6 verbatim text (tvz,hv)
\FV@CodeLineNo=\count277
\FV@InFile=\read2
\FV@TabBox=\box56
\c@FancyVerbLine=\count278
\FV@StepNumber=\count279
\FV@OutFile=\write3
) (C:\Users\shane\AppData\Local\Programs\MiKTeX\tex/latex/framed\framed.sty
Package: framed 2011/10/22 v 0.96: framed or shaded text with page breaks
\OuterFrameSep=\skip68
\fb@frw=\dimen151
\fb@frh=\dimen152
\FrameRule=\dimen153
\FrameSep=\dimen154
) (C:\Users\shane\AppData\Local\Programs\MiKTeX\tex/latex/tools\longtable.sty
Package: longtable 2023-11-01 v4.19 Multi-page Table package (DPC)
\LTleft=\skip69
\LTright=\skip70
\LTpre=\skip71
\LTpost=\skip72
\LTchunksize=\count280
\LTcapwidth=\dimen155
\LT@head=\box57
\LT@firsthead=\box58
\LT@foot=\box59
\LT@lastfoot=\box60
\LT@gbox=\box61
\LT@cols=\count281
\LT@rows=\count282
\c@LT@tables=\count283
\c@LT@chunks=\count284
\LT@p@ftn=\toks27
)
Class scrartcl Info: longtable captions redefined on input line 110.
 (C:\Users\shane\AppData\Local\Programs\MiKTeX\tex/latex/booktabs\booktabs.sty
Package: booktabs 2020/01/12 v1.61803398 Publication quality tables
\heavyrulewidth=\dimen156
\lightrulewidth=\dimen157
\cmidrulewidth=\dimen158
\belowrulesep=\dimen159
\belowbottomsep=\dimen160
\aboverulesep=\dimen161
\abovetopsep=\dimen162
\cmidrulesep=\dimen163
\cmidrulekern=\dimen164
\defaultaddspace=\dimen165
\@cmidla=\count285
\@cmidlb=\count286
\@aboverulesep=\dimen166
\@belowrulesep=\dimen167
\@thisruleclass=\count287
\@lastruleclass=\count288
\@thisrulewidth=\dimen168
) (C:\Users\shane\AppData\Local\Programs\MiKTeX\tex/latex/tools\array.sty
Package: array 2023/10/16 v2.5g Tabular extension package (FMi)
\col@sep=\dimen169
\ar@mcellbox=\box62
\extrarowheight=\dimen170
\NC@list=\toks28
\extratabsurround=\skip73
\backup@length=\skip74
\ar@cellbox=\box63
) (C:\Users\shane\AppData\Local\Programs\MiKTeX\tex/latex/tools\calc.sty
Package: calc 2023/07/08 v4.3 Infix arithmetic (KKT,FJ)
\calc@Acount=\count289
\calc@Bcount=\count290
\calc@Adimen=\dimen171
\calc@Bdimen=\dimen172
\calc@Askip=\skip75
\calc@Bskip=\skip76
LaTeX Info: Redefining \setlength on input line 80.
LaTeX Info: Redefining \addtolength on input line 81.
\calc@Ccount=\count291
\calc@Cskip=\skip77
) (C:\Users\shane\AppData\Local\Programs\MiKTeX\tex/latex/footnotehyper\footnotehyper.sty
Package: footnotehyper 2025/11/15 v1.1f hyperref aware footnote.sty (JFB)
\FNH@notes=\box64
\FNH@width=\dimen173
\FNH@toks=\toks29
) (C:\Users\shane\AppData\Local\Programs\MiKTeX\tex/latex/graphics\graphicx.sty
Package: graphicx 2021/09/16 v1.2d Enhanced LaTeX Graphics (DPC,SPQR)
 (C:\Users\shane\AppData\Local\Programs\MiKTeX\tex/latex/graphics\graphics.sty
Package: graphics 2022/03/10 v1.4e Standard LaTeX Graphics (DPC,SPQR)
 (C:\Users\shane\AppData\Local\Programs\MiKTeX\tex/latex/graphics\trig.sty
Package: trig 2021/08/11 v1.11 sin cos tan (DPC)
) (C:\Users\shane\AppData\Local\Programs\MiKTeX\tex/latex/graphics-cfg\graphics.cfg
File: graphics.cfg 2016/06/04 v1.11 sample graphics configuration
)
Package graphics Info: Driver file: pdftex.def on input line 107.
)
\Gin@req@height=\dimen174
\Gin@req@width=\dimen175
)
\pandoc@box=\box65
 (C:\Users\shane\AppData\Local\Programs\MiKTeX\tex/latex/caption\caption.sty
Package: caption 2023/08/05 v3.6o Customizing captions (AR)
 (C:\Users\shane\AppData\Local\Programs\MiKTeX\tex/latex/caption\caption3.sty
Package: caption3 2023/07/31 v2.4d caption3 kernel (AR)
\caption@tempdima=\dimen176
\captionmargin=\dimen177
\caption@leftmargin=\dimen178
\caption@rightmargin=\dimen179
\caption@width=\dimen180
\caption@indent=\dimen181
\caption@parindent=\dimen182
\caption@hangindent=\dimen183
Package caption Info: KOMA-Script document class detected.
 (C:\Users\shane\AppData\Local\Programs\MiKTeX\tex/latex/caption\caption-koma.sto
File: caption-koma.sto 2023/09/08 v2.0e Adaption of the caption package to the KOMA-Script document classes (AR)
))
\c@caption@flags=\count292
\c@continuedfloat=\count293
Package caption Info: longtable package is loaded.
 (C:\Users\shane\AppData\Local\Programs\MiKTeX\tex/latex/caption\ltcaption.sty
Package: ltcaption 2021/01/08 v1.4c longtable captions (AR)
)
Package caption Info: KOMA-Script scrextend package detected.
\caption@addmargin@hsize=\dimen184
\caption@addmargin@linewidth=\dimen185
) (C:\Users\shane\AppData\Local\Programs\MiKTeX\tex/latex/float\float.sty
Package: float 2001/11/08 v1.3d Float enhancements (AL)
\c@float@type=\count294
\float@exts=\toks30
\float@box=\box66
\@float@everytoks=\toks31
\@floatcapt=\box67
)
\@float@every@codelisting=\toks32
\c@codelisting=\count295
 (C:\Users\shane\AppData\Local\Programs\MiKTeX\tex/latex/caption\subcaption.sty
Package: subcaption 2023/07/28 v1.6b Sub-captions (AR)
Package caption Info: New subtype `subfigure' on input line 238.
\c@subfigure=\count296
Package caption Info: New subtype `subtable' on input line 238.
\c@subtable=\count297
) (C:\Users\shane\AppData\Local\Programs\MiKTeX\tex/latex/bookmark\bookmark.sty
Package: bookmark 2023-12-10 v1.31 PDF bookmarks (HO)
 (C:\Users\shane\AppData\Local\Programs\MiKTeX\tex/latex/hyperref\hyperref.sty
Package: hyperref 2023-11-26 v7.01g Hypertext links for LaTeX
 (C:\Users\shane\AppData\Local\Programs\MiKTeX\tex/generic/infwarerr\infwarerr.sty
Package: infwarerr 2019/12/03 v1.5 Providing info/warning/error messages (HO)
) (C:\Users\shane\AppData\Local\Programs\MiKTeX\tex/latex/kvsetkeys\kvsetkeys.sty
Package: kvsetkeys 2022-10-05 v1.19 Key value parser (HO)
) (C:\Users\shane\AppData\Local\Programs\MiKTeX\tex/generic/kvdefinekeys\kvdefinekeys.sty
Package: kvdefinekeys 2019-12-19 v1.6 Define keys (HO)
) (C:\Users\shane\AppData\Local\Programs\MiKTeX\tex/generic/pdfescape\pdfescape.sty
Package: pdfescape 2019/12/09 v1.15 Implements pdfTeX's escape features (HO)
 (C:\Users\shane\AppData\Local\Programs\MiKTeX\tex/generic/ltxcmds\ltxcmds.sty
Package: ltxcmds 2023-12-04 v1.26 LaTeX kernel commands for general use (HO)
) (C:\Users\shane\AppData\Local\Programs\MiKTeX\tex/generic/pdftexcmds\pdftexcmds.sty
Package: pdftexcmds 2020-06-27 v0.33 Utility functions of pdfTeX for LuaTeX (HO)
Package pdftexcmds Info: \pdf@primitive is available.
Package pdftexcmds Info: \pdf@ifprimitive is available.
Package pdftexcmds Info: \pdfdraftmode found.
)) (C:\Users\shane\AppData\Local\Programs\MiKTeX\tex/latex/hycolor\hycolor.sty
Package: hycolor 2020-01-27 v1.10 Color options for hyperref/bookmark (HO)
) (C:\Users\shane\AppData\Local\Programs\MiKTeX\tex/latex/letltxmacro\letltxmacro.sty
Package: letltxmacro 2019/12/03 v1.6 Let assignment for LaTeX macros (HO)
) (C:\Users\shane\AppData\Local\Programs\MiKTeX\tex/latex/auxhook\auxhook.sty
Package: auxhook 2019-12-17 v1.6 Hooks for auxiliary files (HO)
) (C:\Users\shane\AppData\Local\Programs\MiKTeX\tex/latex/hyperref\nameref.sty
Package: nameref 2023-11-26 v2.56 Cross-referencing by name of section
 (C:\Users\shane\AppData\Local\Programs\MiKTeX\tex/latex/refcount\refcount.sty
Package: refcount 2019/12/15 v3.6 Data extraction from label references (HO)
) (C:\Users\shane\AppData\Local\Programs\MiKTeX\tex/generic/gettitlestring\gettitlestring.sty
Package: gettitlestring 2019/12/15 v1.6 Cleanup title references (HO)
 (C:\Users\shane\AppData\Local\Programs\MiKTeX\tex/latex/kvoptions\kvoptions.sty
Package: kvoptions 2022-06-15 v3.15 Key value format for package options (HO)
))
\c@section@level=\count298
)
\@linkdim=\dimen186
\Hy@linkcounter=\count299
\Hy@pagecounter=\count300
 (C:\Users\shane\AppData\Local\Programs\MiKTeX\tex/latex/hyperref\pd1enc.def
File: pd1enc.def 2023-11-26 v7.01g Hyperref: PDFDocEncoding definition (HO)
Now handling font encoding PD1 ...
... no UTF-8 mapping file for font encoding PD1
) (C:\Users\shane\AppData\Local\Programs\MiKTeX\tex/generic/intcalc\intcalc.sty
Package: intcalc 2019/12/15 v1.3 Expandable calculations with integers (HO)
)
\Hy@SavedSpaceFactor=\count301
 (C:\Users\shane\AppData\Local\Programs\MiKTeX\tex/latex/hyperref\puenc.def
File: puenc.def 2023-11-26 v7.01g Hyperref: PDF Unicode definition (HO)
Now handling font encoding PU ...
... no UTF-8 mapping file for font encoding PU
)
Package hyperref Info: Option `unicode' set `true' on input line 4064.
Package hyperref Info: Hyper figures OFF on input line 4181.
Package hyperref Info: Link nesting OFF on input line 4186.
Package hyperref Info: Hyper index ON on input line 4189.
Package hyperref Info: Plain pages OFF on input line 4196.
Package hyperref Info: Backreferencing OFF on input line 4201.
Package hyperref Info: Implicit mode ON; LaTeX internals redefined.
Package hyperref Info: Bookmarks ON on input line 4448.
\c@Hy@tempcnt=\count302
 (C:\Users\shane\AppData\Local\Programs\MiKTeX\tex/latex/url\url.sty
\Urlmuskip=\muskip17
Package: url 2013/09/16  ver 3.4  Verb mode for urls, etc.
)
LaTeX Info: Redefining \url on input line 4786.
\XeTeXLinkMargin=\dimen187
 (C:\Users\shane\AppData\Local\Programs\MiKTeX\tex/generic/bitset\bitset.sty
Package: bitset 2019/12/09 v1.3 Handle bit-vector datatype (HO)
 (C:\Users\shane\AppData\Local\Programs\MiKTeX\tex/generic/bigintcalc\bigintcalc.sty
Package: bigintcalc 2019/12/15 v1.5 Expandable calculations on big integers (HO)
))
\Fld@menulength=\count303
\Field@Width=\dimen188
\Fld@charsize=\dimen189
Package hyperref Info: Hyper figures OFF on input line 6065.
Package hyperref Info: Link nesting OFF on input line 6070.
Package hyperref Info: Hyper index ON on input line 6073.
Package hyperref Info: backreferencing OFF on input line 6080.
Package hyperref Info: Link coloring OFF on input line 6085.
Package hyperref Info: Link coloring with OCG OFF on input line 6090.
Package hyperref Info: PDF/A mode OFF on input line 6095.
 (C:\Users\shane\AppData\Local\Programs\MiKTeX\tex/latex/base\atbegshi-ltx.sty
Package: atbegshi-ltx 2021/01/10 v1.0c Emulation of the original atbegshi
package with kernel methods
)
\Hy@abspage=\count304
\c@Item=\count305
\c@Hfootnote=\count306
)
Package hyperref Info: Driver (autodetected): hpdftex.
 (C:\Users\shane\AppData\Local\Programs\MiKTeX\tex/latex/hyperref\hpdftex.def
File: hpdftex.def 2023-11-26 v7.01g Hyperref driver for pdfTeX
 (C:\Users\shane\AppData\Local\Programs\MiKTeX\tex/latex/base\atveryend-ltx.sty
Package: atveryend-ltx 2020/08/19 v1.0a Emulation of the original atveryend package
with kernel methods
)
\Fld@listcount=\count307
\c@bookmark@seq@number=\count308
 (C:\Users\shane\AppData\Local\Programs\MiKTeX\tex/latex/rerunfilecheck\rerunfilecheck.sty
Package: rerunfilecheck 2022-07-10 v1.10 Rerun checks for auxiliary files (HO)
 (C:\Users\shane\AppData\Local\Programs\MiKTeX\tex/generic/uniquecounter\uniquecounter.sty
Package: uniquecounter 2019/12/15 v1.4 Provide unlimited unique counter (HO)
)
Package uniquecounter Info: New unique counter `rerunfilecheck' on input line 285.
)
\Hy@SectionHShift=\skip78
) (C:\Users\shane\AppData\Local\Programs\MiKTeX\tex/latex/bookmark\bkm-pdftex.def
File: bkm-pdftex.def 2023-12-10 v1.31 bookmark driver for pdfTeX and luaTeX (HO)
\BKM@id=\count309
)) (C:\Users\shane\AppData\Local\Programs\MiKTeX\tex/latex/xurl\xurl.sty
Package: xurl 2022/01/09 v 0.10 modify URL breaks
)
Package hyperref Info: Option `colorlinks' set `true' on input line 201.
LaTeX Font Info:    Trying to load font information for T1+lmr on input line 208.
 (C:\Users\shane\AppData\Local\Programs\MiKTeX\tex/latex/lm\t1lmr.fd
File: t1lmr.fd 2015/05/01 v1.6.1 Font defs for Latin Modern
) (C:\Users\shane\AppData\Local\Programs\MiKTeX\tex/latex/l3backend\l3backend-pdftex.def
File: l3backend-pdftex.def 2024-01-04 L3 backend support: PDF output (pdfTeX)
\l__color_backend_stack_int=\count310
\l__pdf_internal_box=\box68
) (WLL_Cocoa_Experiment-final.aux)
\openout1 = `WLL_Cocoa_Experiment-final.aux'.

LaTeX Font Info:    Checking defaults for OML/cmm/m/it on input line 208.
LaTeX Font Info:    ... okay on input line 208.
LaTeX Font Info:    Checking defaults for OMS/cmsy/m/n on input line 208.
LaTeX Font Info:    ... okay on input line 208.
LaTeX Font Info:    Checking defaults for OT1/cmr/m/n on input line 208.
LaTeX Font Info:    ... okay on input line 208.
LaTeX Font Info:    Checking defaults for T1/cmr/m/n on input line 208.
LaTeX Font Info:    ... okay on input line 208.
LaTeX Font Info:    Checking defaults for TS1/cmr/m/n on input line 208.
LaTeX Font Info:    ... okay on input line 208.
LaTeX Font Info:    Checking defaults for OMX/cmex/m/n on input line 208.
LaTeX Font Info:    ... okay on input line 208.
LaTeX Font Info:    Checking defaults for U/cmr/m/n on input line 208.
LaTeX Font Info:    ... okay on input line 208.
LaTeX Font Info:    Checking defaults for PD1/pdf/m/n on input line 208.
LaTeX Font Info:    ... okay on input line 208.
LaTeX Font Info:    Checking defaults for PU/pdf/m/n on input line 208.
LaTeX Font Info:    ... okay on input line 208.
Package scrbase Info: activating english \abstractname on input line 208.
Package scrbase Info: activating english \partname on input line 208.
Package scrbase Info: activating english \figurename on input line 208.
Package scrbase Info: activating english \tablename on input line 208.
Package scrbase Info: activating english \contentsname on input line 208.
Package scrbase Info: activating english \listfigurename on input line 208.
Package scrbase Info: activating english \listtablename on input line 208.
Package scrbase Info: activating english \refname on input line 208.
Package scrbase Info: activating english \indexname on input line 208.
 (C:\Users\shane\AppData\Local\Programs\MiKTeX\tex/context/base/mkii\supp-pdf.mkii
[Loading MPS to PDF converter (version 2006.09.02).]
\scratchcounter=\count311
\scratchdimen=\dimen190
\scratchbox=\box69
\nofMPsegments=\count312
\nofMParguments=\count313
\everyMPshowfont=\toks33
\MPscratchCnt=\count314
\MPscratchDim=\dimen191
\MPnumerator=\count315
\makeMPintoPDFobject=\count316
\everyMPtoPDFconversion=\toks34
) (C:\Users\shane\AppData\Local\Programs\MiKTeX\tex/latex/epstopdf-pkg\epstopdf-base.sty
Package: epstopdf-base 2020-01-24 v2.11 Base part for package epstopdf
Package epstopdf-base Info: Redefining graphics rule for `.eps' on input line 485.
 (C:\Users\shane\AppData\Local\Programs\MiKTeX\tex/latex/00miktex\epstopdf-sys.cfg
File: epstopdf-sys.cfg 2021/03/18 v2.0 Configuration of epstopdf for MiKTeX
))
LaTeX Info: Redefining \microtypecontext on input line 208.
Package microtype Info: Applying patch `item' on input line 208.
Package microtype Info: Applying patch `toc' on input line 208.
Package microtype Info: Applying patch `eqnum' on input line 208.
Package microtype Info: Applying patch `footnote' on input line 208.
Package microtype Info: Applying patch `verbatim' on input line 208.
LaTeX Info: Redefining \microtypesetup on input line 208.
Package microtype Info: Generating PDF output.
Package microtype Info: Character protrusion enabled (level 2).
Package microtype Info: Using protrusion set `basicmath'.
Package microtype Info: Automatic font expansion enabled (level 2),
(microtype)             stretch: 20, shrink: 20, step: 1, non-selected.
Package microtype Info: Using default expansion set `alltext-nott'.
Package microtype Info: Patching command `\showhyphens'.
Package microtype Info: No adjustment of tracking.
Package microtype Info: No adjustment of interword spacing.
Package microtype Info: No adjustment of character kerning.
 (C:\Users\shane\AppData\Local\Programs\MiKTeX\tex/latex/microtype\mt-cmr.cfg
File: mt-cmr.cfg 2013/05/19 v2.2 microtype config. file: Computer Modern Roman (RS)
)
Package caption Info: Begin \AtBeginDocument code.
Package caption Info: float package is loaded.
Package caption Info: hyperref package is loaded.
Package caption Info: End \AtBeginDocument code.
Package hyperref Info: Link coloring ON on input line 208.
LaTeX Font Info:    Trying to load font information for T1+lmss on input line 210.
 (C:\Users\shane\AppData\Local\Programs\MiKTeX\tex/latex/lm\t1lmss.fd
File: t1lmss.fd 2015/05/01 v1.6.1 Font defs for Latin Modern
)
Package microtype Info: Loading generic protrusion settings for font family
(microtype)             `lmss' (encoding: T1).
(microtype)             For optimal results, create family-specific settings.
(microtype)             See the microtype manual for details.
LaTeX Font Info:    Trying to load font information for OT1+lmr on input line 210.
 (C:\Users\shane\AppData\Local\Programs\MiKTeX\tex/latex/lm\ot1lmr.fd
File: ot1lmr.fd 2015/05/01 v1.6.1 Font defs for Latin Modern
)
LaTeX Font Info:    Trying to load font information for OML+lmm on input line 210.
 (C:\Users\shane\AppData\Local\Programs\MiKTeX\tex/latex/lm\omllmm.fd
File: omllmm.fd 2015/05/01 v1.6.1 Font defs for Latin Modern
)
LaTeX Font Info:    Trying to load font information for OMS+lmsy on input line 210.
 (C:\Users\shane\AppData\Local\Programs\MiKTeX\tex/latex/lm\omslmsy.fd
File: omslmsy.fd 2015/05/01 v1.6.1 Font defs for Latin Modern
)
LaTeX Font Info:    Trying to load font information for OMX+lmex on input line 210.
 (C:\Users\shane\AppData\Local\Programs\MiKTeX\tex/latex/lm\omxlmex.fd
File: omxlmex.fd 2015/05/01 v1.6.1 Font defs for Latin Modern
)
LaTeX Font Info:    External font `lmex10' loaded for size
(Font)              <14.4> on input line 210.
LaTeX Font Info:    External font `lmex10' loaded for size
(Font)              <10> on input line 210.
LaTeX Font Info:    External font `lmex10' loaded for size
(Font)              <7> on input line 210.
LaTeX Font Info:    Trying to load font information for U+msa on input line 210.
 (C:\Users\shane\AppData\Local\Programs\MiKTeX\tex/latex/amsfonts\umsa.fd
File: umsa.fd 2013/01/14 v3.01 AMS symbols A
) (C:\Users\shane\AppData\Local\Programs\MiKTeX\tex/latex/microtype\mt-msa.cfg
File: mt-msa.cfg 2006/02/04 v1.1 microtype config. file: AMS symbols (a) (RS)
)
LaTeX Font Info:    Trying to load font information for U+msb on input line 210.
 (C:\Users\shane\AppData\Local\Programs\MiKTeX\tex/latex/amsfonts\umsb.fd
File: umsb.fd 2013/01/14 v3.01 AMS symbols B
) (C:\Users\shane\AppData\Local\Programs\MiKTeX\tex/latex/microtype\mt-msb.cfg
File: mt-msb.cfg 2005/06/01 v1.0 microtype config. file: AMS symbols (b) (RS)
)
LaTeX Font Info:    Trying to load font information for TS1+lmr on input line 264.
 (C:\Users\shane\AppData\Local\Programs\MiKTeX\tex/latex/lm\ts1lmr.fd
File: ts1lmr.fd 2015/05/01 v1.6.1 Font defs for Latin Modern
) [1


{C:/Users/shane/AppData/Local/MiKTeX/fonts/map/pdftex/pdftex.map}{C:/Users/shane/AppData/Local/Programs/MiKTeX/fonts/enc/dvips/lm/lm-ec.enc}]
LaTeX Font Info:    Trying to load font information for T1+lmtt on input line 273.
 (C:\Users\shane\AppData\Local\Programs\MiKTeX\tex/latex/lm\t1lmtt.fd
File: t1lmtt.fd 2015/05/01 v1.6.1 Font defs for Latin Modern
)
LaTeX Font Info:    Trying to load font information for TS1+lmtt on input line 279.
 (C:\Users\shane\AppData\Local\Programs\MiKTeX\tex/latex/lm\ts1lmtt.fd
File: ts1lmtt.fd 2015/05/01 v1.6.1 Font defs for Latin Modern
) [2{C:/Users/shane/AppData/Local/Programs/MiKTeX/fonts/enc/dvips/lm/lm-ts1.enc}]
LaTeX Font Info:    Font shape `T1/lmtt/bx/n' in size <10.95> not available
(Font)              Font shape `T1/lmtt/b/n' tried instead on input line 366.
 [3]
Overfull \hbox (565.01706pt too wide) in paragraph at lines 392--392
[]\T1/lmtt/m/n/10.95 Columns: [\TS1/lmtt/m/n/10.95 '\T1/lmtt/m/n/10.95 date\TS1/lmtt/m/n/10.95 '\T1/lmtt/m/n/10.95 , \TS1/lmtt/m/n/10.95 '\T1/lmtt/m/n/10.95 PRCP_anom_mean\TS1/lmtt/m/n/10.95 '\T1/lmtt/m/n/10.95 , \TS1/lmtt/m/n/10.95 '\T1/lmtt/m/n/10.95 TAVG_anom_mean\TS1/lmtt/m/n/10.95 '\T1/lmtt/m/n/10.95 , \TS1/lmtt/m/n/10.95 '\T1/lmtt/m/n/10.95 PRCP_anom_std\TS1/lmtt/m/n/10.95 '\T1/lmtt/m/n/10.95 , \TS1/lmtt/m/n/10.95 '\T1/lmtt/m/n/10.95 TAVG_anom_std\TS1/lmtt/m/n/10.95 '\T1/lmtt/m/n/10.95 , \TS1/lmtt/m/n/10.95 '\T1/lmtt/m/n/10.95 N_stations\TS1/lmtt/m/n/10.95 '\T1/lmtt/m/n/10.95 , \TS1/lmtt/m/n/10.95 '\T1/lmtt/m/n/10.95 log_price\TS1/lmtt/m/n/10.95 '\T1/lmtt/m/n/10.95 , \TS1/lmtt/m/n/10.95 '\T1/lmtt/m/n/10.95 log_price_lagt\TS1/lmtt/m/n/10.95 '\T1/lmtt/m/n/10.95 , \TS1/lmtt/m/n/10.95 '\T1/lmtt/m/n/10.95 log_return\TS1/lmtt/m/n/10.95 '\T1/lmtt/m/n/10.95 , \TS1/lmtt/m/n/10.95 '\T1/lmtt/m/n/10.95 log_return_forecast_target\TS1/lmtt/m/n/10.95 '\T1/lmtt/m/n/10.95 ][] 
 []


Overfull \hbox (459.59784pt too wide) in alignment at lines 394--400
 [] [] [] [] [] [] [] [] [] [] [] 
 []


Overfull \hbox (459.59784pt too wide) in alignment at lines 400--402
 [] [] [] [] [] [] [] [] [] [] [] 
 []


Overfull \hbox (459.59784pt too wide) in alignment at lines 402--413
 [] [] [] [] [] [] [] [] [] [] [] 
 []

[4] [5]
<WLL_Cocoa_Experiment final_files/figure-pdf/cell-6-output-2.png, id=43, 1002.3849pt x 713.3049pt>
File: WLL_Cocoa_Experiment final_files/figure-pdf/cell-6-output-2.png Graphic file (type png)
<use WLL_Cocoa_Experiment final_files/figure-pdf/cell-6-output-2.png>
Package pdftex.def Info: WLL_Cocoa_Experiment final_files/figure-pdf/cell-6-output-2.png  used on input line 474.
(pdftex.def)             Requested size: 1002.38246pt x 713.30316pt.

Overfull \hbox (10.94577pt too wide) in paragraph at lines 474--475
[][] 
 []

[6 <./WLL_Cocoa_Experiment final_files/figure-pdf/cell-6-output-2.png>]
Underfull \vbox (badness 10000) detected at line 574
 []


Underfull \vbox (badness 10000) detected at line 574
 []

[7] [8]
Overfull \hbox (82.12344pt too wide) in paragraph at lines 601--601
[]\T1/lmtt/m/n/10.95 Generated bandwidth grid: [0.01717366 0.02864739 0.04778673 0.07971307 0.13296941 0.22180635[] 
 []


Overfull \hbox (82.12344pt too wide) in paragraph at lines 949--949
[]\T1/lmtt/m/n/10.95 Generated bandwidth grid: [0.01748836 0.02917235 0.0486624  0.08117378 0.13540603 0.22587087[] 
 []

[9]
Overfull \hbox (82.12344pt too wide) in paragraph at lines 949--949
[]\T1/lmtt/m/n/10.95 Generated bandwidth grid: [0.02800043 0.04670754 0.07791287 0.1299665  0.2167972  0.36163952[] 
 []


Overfull \hbox (82.12344pt too wide) in paragraph at lines 949--949
[]\T1/lmtt/m/n/10.95 Generated bandwidth grid: [0.01748779 0.02917139 0.04866081 0.08117113 0.1354016  0.22586348[] 
 []

[10]
Overfull \hbox (82.12344pt too wide) in paragraph at lines 949--949
[]\T1/lmtt/m/n/10.95 Generated bandwidth grid: [0.02801008 0.04672364 0.07793972 0.13001129 0.2168719  0.36176414[] 
 []

[11]
Overfull \hbox (76.37471pt too wide) in paragraph at lines 949--949
[]\T1/lmtt/m/n/10.95 Generated bandwidth grid: [0.01748722 0.02917044 0.04865922 0.08116847 0.13539717 0.2258561[] 
 []


Overfull \hbox (82.12344pt too wide) in paragraph at lines 949--949
[]\T1/lmtt/m/n/10.95 Generated bandwidth grid: [0.02801975 0.04673976 0.07796662 0.13005617 0.21694676 0.36188901[] 
 []

[12]
Overfull \hbox (82.12344pt too wide) in paragraph at lines 949--949
[]\T1/lmtt/m/n/10.95 Generated bandwidth grid: [0.01748665 0.02916948 0.04865763 0.08116582 0.13539275 0.22584871[] 
 []


Overfull \hbox (82.12344pt too wide) in paragraph at lines 949--949
[]\T1/lmtt/m/n/10.95 Generated bandwidth grid: [0.02802944 0.04675593 0.07799358 0.13010114 0.21702178 0.36201415[] 
 []

[13]
Overfull \hbox (82.12344pt too wide) in paragraph at lines 949--949
[]\T1/lmtt/m/n/10.95 Generated bandwidth grid: [0.01748607 0.02916853 0.04865604 0.08116316 0.13538832 0.22584133[] 
 []


Overfull \hbox (82.12344pt too wide) in paragraph at lines 949--949
[]\T1/lmtt/m/n/10.95 Generated bandwidth grid: [0.02803915 0.04677212 0.0780206  0.1301462  0.21709695 0.36213954[] 
 []

[14]
Overfull \hbox (82.12344pt too wide) in paragraph at lines 949--949
[]\T1/lmtt/m/n/10.95 Generated bandwidth grid: [0.0174855  0.02916758 0.04865445 0.08116051 0.13538389 0.22583394[] 
 []


Overfull \hbox (76.37471pt too wide) in paragraph at lines 949--949
[]\T1/lmtt/m/n/10.95 Generated bandwidth grid: [0.02804888 0.04678835 0.07804767 0.13019136 0.21717228 0.3622652[] 
 []

[15]
Overfull \hbox (82.12344pt too wide) in paragraph at lines 949--949
[]\T1/lmtt/m/n/10.95 Generated bandwidth grid: [0.01748493 0.02916662 0.04865286 0.08115786 0.13537947 0.22582656[] 
 []


Overfull \hbox (82.12344pt too wide) in paragraph at lines 949--949
[]\T1/lmtt/m/n/10.95 Generated bandwidth grid: [0.02805863 0.04680461 0.0780748  0.13023661 0.21724777 0.36239112[] 
 []

[16]
<WLL_Cocoa_Experiment final_files/figure-pdf/cell-8-output-2.png, id=94, 857.8449pt x 568.0422pt>
File: WLL_Cocoa_Experiment final_files/figure-pdf/cell-8-output-2.png Graphic file (type png)
<use WLL_Cocoa_Experiment final_files/figure-pdf/cell-8-output-2.png>
Package pdftex.def Info: WLL_Cocoa_Experiment final_files/figure-pdf/cell-8-output-2.png  used on input line 951.
(pdftex.def)             Requested size: 857.8428pt x 568.04082pt.

Overfull \hbox (10.96562pt too wide) in paragraph at lines 951--952
[][] 
 []

[17 <./WLL_Cocoa_Experiment final_files/figure-pdf/cell-8-output-2.png>]
<WLL_Cocoa_Experiment final_files/figure-pdf/cell-9-output-1.png, id=100, 1002.3849pt x 713.3049pt>
File: WLL_Cocoa_Experiment final_files/figure-pdf/cell-9-output-1.png Graphic file (type png)
<use WLL_Cocoa_Experiment final_files/figure-pdf/cell-9-output-1.png>
Package pdftex.def Info: WLL_Cocoa_Experiment final_files/figure-pdf/cell-9-output-1.png  used on input line 990.
(pdftex.def)             Requested size: 1002.38246pt x 713.30316pt.

Overfull \hbox (10.94577pt too wide) in paragraph at lines 990--991
[][] 
 []

[18] [19 <./WLL_Cocoa_Experiment final_files/figure-pdf/cell-9-output-1.png>] [20]
Overfull \hbox (82.12344pt too wide) in paragraph at lines 1098--1098
[]\T1/lmtt/m/n/10.95 Generated bandwidth grid: [0.01717366 0.02864739 0.04778673 0.07971307 0.13296941 0.22180635[] 
 []

[21] [22] [23]
Overfull \hbox (128.11331pt too wide) in paragraph at lines 1254--1254
[]  \T1/lmtt/m/n/10.95 Best params: {\TS1/lmtt/m/n/10.95 '\T1/lmtt/m/n/10.95 n_estimators\TS1/lmtt/m/n/10.95 '\T1/lmtt/m/n/10.95 : 500, \TS1/lmtt/m/n/10.95 '\T1/lmtt/m/n/10.95 max_depth\TS1/lmtt/m/n/10.95 '\T1/lmtt/m/n/10.95 : 5, \TS1/lmtt/m/n/10.95 '\T1/lmtt/m/n/10.95 min_samples_leaf\TS1/lmtt/m/n/10.95 '\T1/lmtt/m/n/10.95 : 20, \TS1/lmtt/m/n/10.95 '\T1/lmtt/m/n/10.95 max_features\TS1/lmtt/m/n/10.95 '\T1/lmtt/m/n/10.95 : \TS1/lmtt/m/n/10.95 '\T1/lmtt/m/n/10.95 sqrt\TS1/lmtt/m/n/10.95 '\T1/lmtt/m/n/10.95 }[] 
 []

[24]
Overfull \hbox (231.59052pt too wide) in paragraph at lines 1293--1293
[]  \T1/lmtt/m/n/10.95 Best params: {\TS1/lmtt/m/n/10.95 '\T1/lmtt/m/n/10.95 n_estimators\TS1/lmtt/m/n/10.95 '\T1/lmtt/m/n/10.95 : 200, \TS1/lmtt/m/n/10.95 '\T1/lmtt/m/n/10.95 max_depth\TS1/lmtt/m/n/10.95 '\T1/lmtt/m/n/10.95 : 3, \TS1/lmtt/m/n/10.95 '\T1/lmtt/m/n/10.95 learning_rate\TS1/lmtt/m/n/10.95 '\T1/lmtt/m/n/10.95 : 0.05, \TS1/lmtt/m/n/10.95 '\T1/lmtt/m/n/10.95 subsample\TS1/lmtt/m/n/10.95 '\T1/lmtt/m/n/10.95 : 1.0, \TS1/lmtt/m/n/10.95 '\T1/lmtt/m/n/10.95 colsample_bytree\TS1/lmtt/m/n/10.95 '\T1/lmtt/m/n/10.95 : 0.7}[] 
 []

[25] [26] [27]
<WLL_Cocoa_Experiment final_files/figure-pdf/cell-19-output-1.png, id=156, 854.2314pt x 496.4949pt>
File: WLL_Cocoa_Experiment final_files/figure-pdf/cell-19-output-1.png Graphic file (type png)
<use WLL_Cocoa_Experiment final_files/figure-pdf/cell-19-output-1.png>
Package pdftex.def Info: WLL_Cocoa_Experiment final_files/figure-pdf/cell-19-output-1.png  used on input line 1442.
(pdftex.def)             Requested size: 854.22932pt x 496.49368pt.

Overfull \hbox (10.94762pt too wide) in paragraph at lines 1442--1443
[][] 
 []

[28]
<WLL_Cocoa_Experiment final_files/figure-pdf/cell-20-output-1.png, id=161, 1002.3849pt x 496.4949pt>
File: WLL_Cocoa_Experiment final_files/figure-pdf/cell-20-output-1.png Graphic file (type png)
<use WLL_Cocoa_Experiment final_files/figure-pdf/cell-20-output-1.png>
Package pdftex.def Info: WLL_Cocoa_Experiment final_files/figure-pdf/cell-20-output-1.png  used on input line 1467.
(pdftex.def)             Requested size: 1002.38246pt x 496.49368pt.

Overfull \hbox (10.94577pt too wide) in paragraph at lines 1467--1468
[][] 
 []

[29 <./WLL_Cocoa_Experiment final_files/figure-pdf/cell-19-output-1.png>] [30 <./WLL_Cocoa_Experiment final_files/figure-pdf/cell-20-output-1.png>]
Overfull \hbox (93.62091pt too wide) in paragraph at lines 1539--1539
[]               \T1/lmtt/m/n/10.95 Pre-Break LL  Post-Break LL    WLL  Random Forest  XGBoost  RF Combo  XGB Combo[] 
 []


Overfull \hbox (93.62091pt too wide) in paragraph at lines 1539--1539
[]\T1/lmtt/m/n/10.95 Pre-Break LL          0.000         -1.218  0.062         -1.733   -1.930    -0.807     -0.336[] 
 []


Overfull \hbox (93.62091pt too wide) in paragraph at lines 1539--1539
[]\T1/lmtt/m/n/10.95 Post-Break LL         1.218          0.000  1.285         -3.218   -3.324     1.715      1.387[] 
 []


Overfull \hbox (93.62091pt too wide) in paragraph at lines 1539--1539
[]\T1/lmtt/m/n/10.95 WLL                  -0.062         -1.285  0.000         -1.804   -2.000    -0.889     -0.503[] 
 []


Overfull \hbox (93.62091pt too wide) in paragraph at lines 1539--1539
[]\T1/lmtt/m/n/10.95 Random Forest         1.733          3.218  1.804          0.000   -3.396     2.435      1.932[] 
 []


Overfull \hbox (93.62091pt too wide) in paragraph at lines 1539--1539
[]\T1/lmtt/m/n/10.95 XGBoost               1.930          3.324  2.000          3.396    0.000     2.659      2.134[] 
 []


Overfull \hbox (93.62091pt too wide) in paragraph at lines 1539--1539
[]\T1/lmtt/m/n/10.95 RF Combo              0.807         -1.715  0.889         -2.435   -2.659     0.000      0.998[] 
 []


Overfull \hbox (93.62091pt too wide) in paragraph at lines 1539--1539
[]\T1/lmtt/m/n/10.95 XGB Combo             0.336         -1.387  0.503         -1.932   -2.134    -0.998      0.000[] 
 []


Overfull \hbox (93.62091pt too wide) in paragraph at lines 1539--1539
[]               \T1/lmtt/m/n/10.95 Pre-Break LL  Post-Break LL    WLL  Random Forest  XGBoost  RF Combo  XGB Combo[] 
 []


Overfull \hbox (93.62091pt too wide) in paragraph at lines 1539--1539
[]\T1/lmtt/m/n/10.95 Pre-Break LL          1.000          0.231  0.951          0.091    0.061     0.425      0.738[] 
 []


Overfull \hbox (93.62091pt too wide) in paragraph at lines 1539--1539
[]\T1/lmtt/m/n/10.95 Post-Break LL         0.231          1.000  0.206          0.003    0.002     0.094      0.173[] 
 []


Overfull \hbox (93.62091pt too wide) in paragraph at lines 1539--1539
[]\T1/lmtt/m/n/10.95 WLL                   0.951          0.206  1.000          0.079    0.052     0.379      0.618[] 
 []


Overfull \hbox (93.62091pt too wide) in paragraph at lines 1539--1539
[]\T1/lmtt/m/n/10.95 Random Forest         0.091          0.003  0.079          1.000    0.002     0.020      0.061[] 
 []


Overfull \hbox (93.62091pt too wide) in paragraph at lines 1539--1539
[]\T1/lmtt/m/n/10.95 XGBoost               0.061          0.002  0.052          0.002    1.000     0.011      0.039[] 
 []


Overfull \hbox (93.62091pt too wide) in paragraph at lines 1539--1539
[]\T1/lmtt/m/n/10.95 RF Combo              0.425          0.094  0.379          0.020    0.011     1.000      0.324[] 
 []


Overfull \hbox (93.62091pt too wide) in paragraph at lines 1539--1539
[]\T1/lmtt/m/n/10.95 XGB Combo             0.738          0.173  0.618          0.061    0.039     0.324      1.000[] 
 []

[31] [32] [33] [34] [35]
<WLL_Cocoa_Experiment final_files/figure-pdf/cell-27-output-1.png, id=199, 613.5723pt x 336.0555pt>
File: WLL_Cocoa_Experiment final_files/figure-pdf/cell-27-output-1.png Graphic file (type png)
<use WLL_Cocoa_Experiment final_files/figure-pdf/cell-27-output-1.png>
Package pdftex.def Info: WLL_Cocoa_Experiment final_files/figure-pdf/cell-27-output-1.png  used on input line 1762.
(pdftex.def)             Requested size: 613.57079pt x 336.05467pt.

Overfull \hbox (10.9518pt too wide) in paragraph at lines 1762--1763
[][] 
 []

[36 <./WLL_Cocoa_Experiment final_files/figure-pdf/cell-27-output-1.png>] [37] [38] (WLL_Cocoa_Experiment-final.aux)
 ***********
LaTeX2e <2023-11-01> patch level 1
L3 programming layer <2024-01-04>
 ***********
 ) 
Here is how much of TeX's memory you used:
 18951 strings out of 474485
 336527 string characters out of 5743734
 1944542 words of memory out of 5000000
 40843 multiletter control sequences out of 15000+600000
 595242 words of font info for 93 fonts, out of 8000000 for 9000
 1141 hyphenation exceptions out of 8191
 108i,7n,107p,10971b,841s stack positions out of 10000i,1000n,20000p,200000b,200000s
<C:/Users/shane/AppData/Local/Programs/MiKTeX/fonts/type1/public/lm/lmbx10.pfb><C:/Users/shane/AppData/Local/Programs/MiKTeX/fonts/type1/public/lm/lmr10.pfb><C:/Users/shane/AppData/Local/Programs/MiKTeX/fonts/type1/public/lm/lmssbx10.pfb><C:/Users/shane/AppData/Local/Programs/MiKTeX/fonts/type1/public/lm/lmtk10.pfb><C:/Users/shane/AppData/Local/Programs/MiKTeX/fonts/type1/public/lm/lmtt10.pfb>
Output written on WLL_Cocoa_Experiment-final.pdf (38 pages, 661620 bytes).
PDF statistics:
 307 PDF objects out of 1000 (max. 8388607)
 73 named destinations out of 1000 (max. 500000)
 22671 words of extra memory for PDF output out of 24883 (max. 10000000)

